<?xml version="1.0" encoding="ISO-8859-1" ?>
<link_info>
   <banner>TI ARM Linker PC v20.2.7.LTS</banner>
   <copyright>Copyright (c) 1996-2018 Texas Instruments Incorporated</copyright>
   <link_time>0x6984f97b</link_time>
   <link_errors>0x0</link_errors>
   <output_file>Lab2.out</output_file>
   <entry_point>
      <name>_c_int00_noargs</name>
      <address>0x39e1</address>
   </entry_point>
   <input_file_list>
      <input_file id="fl-2">
         <path>.\</path>
         <kind>object</kind>
         <file>Timer.obj</file>
         <name>Timer.obj</name>
      </input_file>
      <input_file id="fl-3">
         <path>.\</path>
         <kind>object</kind>
         <file>hellouniverse.obj</file>
         <name>hellouniverse.obj</name>
      </input_file>
      <input_file id="fl-4">
         <path>.\</path>
         <kind>object</kind>
         <file>helloworld.obj</file>
         <name>helloworld.obj</name>
      </input_file>
      <input_file id="fl-5">
         <path>.\</path>
         <kind>object</kind>
         <file>lcd.obj</file>
         <name>lcd.obj</name>
      </input_file>
      <input_file id="fl-6">
         <path>.\</path>
         <kind>object</kind>
         <file>movement.obj</file>
         <name>movement.obj</name>
      </input_file>
      <input_file id="fl-7">
         <path>.\</path>
         <kind>object</kind>
         <file>open_interface.obj</file>
         <name>open_interface.obj</name>
      </input_file>
      <input_file id="fl-8">
         <path>.\</path>
         <kind>object</kind>
         <file>tm4c123gh6pm_startup_ccs.obj</file>
         <name>tm4c123gh6pm_startup_ccs.obj</name>
      </input_file>
      <input_file id="fl-d">
         <kind>object</kind>
         <file>&lt;internal&gt;</file>
         <name>&lt;internal&gt;</name>
      </input_file>
      <input_file id="fl-c3">
         <path>C:\ti\ccs1271\ccs\tools\compiler\ti-cgt-arm_20.2.7.LTS\lib\</path>
         <kind>archive</kind>
         <file>rtsv7M4_T_le_v4SPD16_eabi.lib</file>
         <name>vsnprintf.c.obj</name>
      </input_file>
      <input_file id="fl-c4">
         <path>C:\ti\ccs1271\ccs\tools\compiler\ti-cgt-arm_20.2.7.LTS\lib\</path>
         <kind>archive</kind>
         <file>rtsv7M4_T_le_v4SPD16_eabi.lib</file>
         <name>fd_add_t2.asm.obj</name>
      </input_file>
      <input_file id="fl-c5">
         <path>C:\ti\ccs1271\ccs\tools\compiler\ti-cgt-arm_20.2.7.LTS\lib\</path>
         <kind>archive</kind>
         <file>rtsv7M4_T_le_v4SPD16_eabi.lib</file>
         <name>fd_cmp_t2.asm.obj</name>
      </input_file>
      <input_file id="fl-c6">
         <path>C:\ti\ccs1271\ccs\tools\compiler\ti-cgt-arm_20.2.7.LTS\lib\</path>
         <kind>archive</kind>
         <file>rtsv7M4_T_le_v4SPD16_eabi.lib</file>
         <name>fd_div_t2.asm.obj</name>
      </input_file>
      <input_file id="fl-c7">
         <path>C:\ti\ccs1271\ccs\tools\compiler\ti-cgt-arm_20.2.7.LTS\lib\</path>
         <kind>archive</kind>
         <file>rtsv7M4_T_le_v4SPD16_eabi.lib</file>
         <name>fd_mul_t2.asm.obj</name>
      </input_file>
      <input_file id="fl-c8">
         <path>C:\ti\ccs1271\ccs\tools\compiler\ti-cgt-arm_20.2.7.LTS\lib\</path>
         <kind>archive</kind>
         <file>rtsv7M4_T_le_v4SPD16_eabi.lib</file>
         <name>fd_toi_t2.asm.obj</name>
      </input_file>
      <input_file id="fl-c9">
         <path>C:\ti\ccs1271\ccs\tools\compiler\ti-cgt-arm_20.2.7.LTS\lib\</path>
         <kind>archive</kind>
         <file>rtsv7M4_T_le_v4SPD16_eabi.lib</file>
         <name>fd_tos_t2.asm.obj</name>
      </input_file>
      <input_file id="fl-ca">
         <path>C:\ti\ccs1271\ccs\tools\compiler\ti-cgt-arm_20.2.7.LTS\lib\</path>
         <kind>archive</kind>
         <file>rtsv7M4_T_le_v4SPD16_eabi.lib</file>
         <name>fs_tod_t2.asm.obj</name>
      </input_file>
      <input_file id="fl-cb">
         <path>C:\ti\ccs1271\ccs\tools\compiler\ti-cgt-arm_20.2.7.LTS\lib\</path>
         <kind>archive</kind>
         <file>rtsv7M4_T_le_v4SPD16_eabi.lib</file>
         <name>i_tofd_t2.asm.obj</name>
      </input_file>
      <input_file id="fl-cc">
         <path>C:\ti\ccs1271\ccs\tools\compiler\ti-cgt-arm_20.2.7.LTS\lib\</path>
         <kind>archive</kind>
         <file>rtsv7M4_T_le_v4SPD16_eabi.lib</file>
         <name>memcpy_t2.asm.obj</name>
      </input_file>
      <input_file id="fl-cd">
         <path>C:\ti\ccs1271\ccs\tools\compiler\ti-cgt-arm_20.2.7.LTS\lib\</path>
         <kind>archive</kind>
         <file>rtsv7M4_T_le_v4SPD16_eabi.lib</file>
         <name>copy_zero_init.c.obj</name>
      </input_file>
      <input_file id="fl-ce">
         <path>C:\ti\ccs1271\ccs\tools\compiler\ti-cgt-arm_20.2.7.LTS\lib\</path>
         <kind>archive</kind>
         <file>rtsv7M4_T_le_v4SPD16_eabi.lib</file>
         <name>copy_decompress_none.c.obj</name>
      </input_file>
      <input_file id="fl-cf">
         <path>C:\ti\ccs1271\ccs\tools\compiler\ti-cgt-arm_20.2.7.LTS\lib\</path>
         <kind>archive</kind>
         <file>rtsv7M4_T_le_v4SPD16_eabi.lib</file>
         <name>copy_decompress_lzss.c.obj</name>
      </input_file>
      <input_file id="fl-d0">
         <path>C:\ti\ccs1271\ccs\tools\compiler\ti-cgt-arm_20.2.7.LTS\lib\</path>
         <kind>archive</kind>
         <file>rtsv7M4_T_le_v4SPD16_eabi.lib</file>
         <name>memory.c.obj</name>
      </input_file>
      <input_file id="fl-d1">
         <path>C:\ti\ccs1271\ccs\tools\compiler\ti-cgt-arm_20.2.7.LTS\lib\</path>
         <kind>archive</kind>
         <file>rtsv7M4_T_le_v4SPD16_eabi.lib</file>
         <name>strcmp.c.obj</name>
      </input_file>
      <input_file id="fl-d2">
         <path>C:\ti\ccs1271\ccs\tools\compiler\ti-cgt-arm_20.2.7.LTS\lib\</path>
         <kind>archive</kind>
         <file>rtsv7M4_T_le_v4SPD16_eabi.lib</file>
         <name>strcpy.c.obj</name>
      </input_file>
      <input_file id="fl-d3">
         <path>C:\ti\ccs1271\ccs\tools\compiler\ti-cgt-arm_20.2.7.LTS\lib\</path>
         <kind>archive</kind>
         <file>rtsv7M4_T_le_v4SPD16_eabi.lib</file>
         <name>boot_cortex_m.c.obj</name>
      </input_file>
      <input_file id="fl-d4">
         <path>C:\ti\ccs1271\ccs\tools\compiler\ti-cgt-arm_20.2.7.LTS\lib\</path>
         <kind>archive</kind>
         <file>rtsv7M4_T_le_v4SPD16_eabi.lib</file>
         <name>_printfi.c.obj</name>
      </input_file>
      <input_file id="fl-d5">
         <path>C:\ti\ccs1271\ccs\tools\compiler\ti-cgt-arm_20.2.7.LTS\lib\</path>
         <kind>archive</kind>
         <file>rtsv7M4_T_le_v4SPD16_eabi.lib</file>
         <name>memset_t2.asm.obj</name>
      </input_file>
      <input_file id="fl-d6">
         <path>C:\ti\ccs1271\ccs\tools\compiler\ti-cgt-arm_20.2.7.LTS\lib\</path>
         <kind>archive</kind>
         <file>rtsv7M4_T_le_v4SPD16_eabi.lib</file>
         <name>ull_div_t2.asm.obj</name>
      </input_file>
      <input_file id="fl-d7">
         <path>C:\ti\ccs1271\ccs\tools\compiler\ti-cgt-arm_20.2.7.LTS\lib\</path>
         <kind>archive</kind>
         <file>rtsv7M4_T_le_v4SPD16_eabi.lib</file>
         <name>autoinit.c.obj</name>
      </input_file>
      <input_file id="fl-d8">
         <path>C:\ti\ccs1271\ccs\tools\compiler\ti-cgt-arm_20.2.7.LTS\lib\</path>
         <kind>archive</kind>
         <file>rtsv7M4_T_le_v4SPD16_eabi.lib</file>
         <name>pre_init.c.obj</name>
      </input_file>
      <input_file id="fl-d9">
         <path>C:\ti\ccs1271\ccs\tools\compiler\ti-cgt-arm_20.2.7.LTS\lib\</path>
         <kind>archive</kind>
         <file>rtsv7M4_T_le_v4SPD16_eabi.lib</file>
         <name>cpy_tbl.c.obj</name>
      </input_file>
      <input_file id="fl-da">
         <path>C:\ti\ccs1271\ccs\tools\compiler\ti-cgt-arm_20.2.7.LTS\lib\</path>
         <kind>archive</kind>
         <file>rtsv7M4_T_le_v4SPD16_eabi.lib</file>
         <name>exit.c.obj</name>
      </input_file>
      <input_file id="fl-db">
         <path>C:\ti\ccs1271\ccs\tools\compiler\ti-cgt-arm_20.2.7.LTS\lib\</path>
         <kind>archive</kind>
         <file>rtsv7M4_T_le_v4SPD16_eabi.lib</file>
         <name>_lock.c.obj</name>
      </input_file>
      <input_file id="fl-dc">
         <path>C:\ti\ccs1271\ccs\tools\compiler\ti-cgt-arm_20.2.7.LTS\lib\</path>
         <kind>archive</kind>
         <file>rtsv7M4_T_le_v4SPD16_eabi.lib</file>
         <name>_ltoa.c.obj</name>
      </input_file>
      <input_file id="fl-dd">
         <path>C:\ti\ccs1271\ccs\tools\compiler\ti-cgt-arm_20.2.7.LTS\lib\</path>
         <kind>archive</kind>
         <file>rtsv7M4_T_le_v4SPD16_eabi.lib</file>
         <name>args_main.c.obj</name>
      </input_file>
      <input_file id="fl-de">
         <path>C:\ti\ccs1271\ccs\tools\compiler\ti-cgt-arm_20.2.7.LTS\lib\</path>
         <kind>archive</kind>
         <file>rtsv7M4_T_le_v4SPD16_eabi.lib</file>
         <name>atoi.c.obj</name>
      </input_file>
      <input_file id="fl-df">
         <path>C:\ti\ccs1271\ccs\tools\compiler\ti-cgt-arm_20.2.7.LTS\lib\</path>
         <kind>archive</kind>
         <file>rtsv7M4_T_le_v4SPD16_eabi.lib</file>
         <name>ctype.c.obj</name>
      </input_file>
      <input_file id="fl-e0">
         <path>C:\ti\ccs1271\ccs\tools\compiler\ti-cgt-arm_20.2.7.LTS\lib\</path>
         <kind>archive</kind>
         <file>rtsv7M4_T_le_v4SPD16_eabi.lib</file>
         <name>memccpy.c.obj</name>
      </input_file>
      <input_file id="fl-e1">
         <path>C:\ti\ccs1271\ccs\tools\compiler\ti-cgt-arm_20.2.7.LTS\lib\</path>
         <kind>archive</kind>
         <file>rtsv7M4_T_le_v4SPD16_eabi.lib</file>
         <name>strchr.c.obj</name>
      </input_file>
      <input_file id="fl-e2">
         <path>C:\ti\ccs1271\ccs\tools\compiler\ti-cgt-arm_20.2.7.LTS\lib\</path>
         <kind>archive</kind>
         <file>rtsv7M4_T_le_v4SPD16_eabi.lib</file>
         <name>strlen.c.obj</name>
      </input_file>
      <input_file id="fl-e3">
         <path>C:\ti\ccs1271\ccs\tools\compiler\ti-cgt-arm_20.2.7.LTS\lib\</path>
         <kind>archive</kind>
         <file>rtsv7M4_T_le_v4SPD16_eabi.lib</file>
         <name>errno.c.obj</name>
      </input_file>
      <input_file id="fl-e4">
         <path>C:\ti\ccs1271\ccs\tools\compiler\ti-cgt-arm_20.2.7.LTS\lib\</path>
         <kind>archive</kind>
         <file>rtsv7M4_T_le_v4SPD16_eabi.lib</file>
         <name>wcslen.c.obj</name>
      </input_file>
      <input_file id="fl-e5">
         <path>C:\ti\ccs1271\ccs\tools\compiler\ti-cgt-arm_20.2.7.LTS\lib\</path>
         <kind>archive</kind>
         <file>rtsv7M4_T_le_v4SPD16_eabi.lib</file>
         <name>s_frexp.c.obj</name>
      </input_file>
      <input_file id="fl-e6">
         <path>C:\ti\ccs1271\ccs\tools\compiler\ti-cgt-arm_20.2.7.LTS\lib\</path>
         <kind>archive</kind>
         <file>rtsv7M4_T_le_v4SPD16_eabi.lib</file>
         <name>s_scalbn.c.obj</name>
      </input_file>
      <input_file id="fl-e7">
         <path>C:\ti\ccs1271\ccs\tools\compiler\ti-cgt-arm_20.2.7.LTS\lib\</path>
         <kind>archive</kind>
         <file>rtsv7M4_T_le_v4SPD16_eabi.lib</file>
         <name>div0.asm.obj</name>
      </input_file>
      <input_file id="fl-e8">
         <path>C:\ti\ccs1271\ccs\tools\compiler\ti-cgt-arm_20.2.7.LTS\lib\</path>
         <kind>archive</kind>
         <file>rtsv7M4_T_le_v4SPD16_eabi.lib</file>
         <name>s_copysign.c.obj</name>
      </input_file>
      <input_file id="fl-e9">
         <path>C:\ti\TivaWare_C_Series-2.2.0.295\driverlib\ccs\Debug\</path>
         <kind>archive</kind>
         <file>driverlib.lib</file>
         <name>interrupt.obj</name>
      </input_file>
      <input_file id="fl-ea">
         <path>C:\ti\TivaWare_C_Series-2.2.0.295\driverlib\ccs\Debug\</path>
         <kind>archive</kind>
         <file>driverlib.lib</file>
         <name>cpu.obj</name>
      </input_file>
   </input_file_list>
   <object_component_list>
      <object_component id="oc-12">
         <name>.intvecs</name>
         <load_address>0x0</load_address>
         <run_address>0x0</run_address>
         <size>0x26c</size>
         <input_file_ref idref="fl-8"/>
      </object_component>
      <object_component id="oc-d7">
         <name>.text</name>
         <load_address>0x26c</load_address>
         <run_address>0x26c</run_address>
         <size>0xc20</size>
         <input_file_ref idref="fl-7"/>
      </object_component>
      <object_component id="oc-218">
         <name>.text:__TI_printfi</name>
         <load_address>0xe8c</load_address>
         <run_address>0xe8c</run_address>
         <size>0xa4e</size>
         <input_file_ref idref="fl-d4"/>
      </object_component>
      <object_component id="oc-23d">
         <name>.text:_nop</name>
         <load_address>0x18da</load_address>
         <run_address>0x18da</run_address>
         <size>0x2</size>
         <input_file_ref idref="fl-db"/>
      </object_component>
      <object_component id="oc-a2">
         <name>.text</name>
         <load_address>0x18dc</load_address>
         <run_address>0x18dc</run_address>
         <size>0x598</size>
         <input_file_ref idref="fl-6"/>
      </object_component>
      <object_component id="oc-dd">
         <name>.text</name>
         <load_address>0x1e74</load_address>
         <run_address>0x1e74</run_address>
         <size>0x328</size>
         <input_file_ref idref="fl-5"/>
      </object_component>
      <object_component id="oc-29f">
         <name>.text:_pconv_a</name>
         <load_address>0x219c</load_address>
         <run_address>0x219c</run_address>
         <size>0x270</size>
         <input_file_ref idref="fl-d4"/>
      </object_component>
      <object_component id="oc-154">
         <name>.text</name>
         <load_address>0x240c</load_address>
         <run_address>0x240c</run_address>
         <size>0x248</size>
         <input_file_ref idref="fl-2"/>
      </object_component>
      <object_component id="oc-28d">
         <name>.text:_pconv_g</name>
         <load_address>0x2654</load_address>
         <run_address>0x2654</run_address>
         <size>0x1d0</size>
         <input_file_ref idref="fl-d4"/>
      </object_component>
      <object_component id="oc-e8">
         <name>.text</name>
         <load_address>0x2824</load_address>
         <run_address>0x2824</run_address>
         <size>0x1b6</size>
         <input_file_ref idref="fl-c4"/>
      </object_component>
      <object_component id="oc-34b">
         <name>.text</name>
         <load_address>0x29da</load_address>
         <run_address>0x29da</run_address>
         <size>0x2</size>
         <input_file_ref idref="fl-e7"/>
      </object_component>
      <object_component id="oc-299">
         <name>.text:_pconv_e</name>
         <load_address>0x29dc</load_address>
         <run_address>0x29dc</run_address>
         <size>0x13c</size>
         <input_file_ref idref="fl-d4"/>
      </object_component>
      <object_component id="oc-f7">
         <name>.text</name>
         <load_address>0x2b18</load_address>
         <run_address>0x2b18</run_address>
         <size>0x136</size>
         <input_file_ref idref="fl-c6"/>
      </object_component>
      <object_component id="oc-308">
         <name>.text:fcvt</name>
         <load_address>0x2c50</load_address>
         <run_address>0x2c50</run_address>
         <size>0x124</size>
         <input_file_ref idref="fl-d4"/>
      </object_component>
      <object_component id="oc-31c">
         <name>.text:scalbn</name>
         <load_address>0x2d74</load_address>
         <run_address>0x2d74</run_address>
         <size>0x110</size>
         <input_file_ref idref="fl-e6"/>
      </object_component>
      <object_component id="oc-25c">
         <name>.text:aligned_alloc</name>
         <load_address>0x2e84</load_address>
         <run_address>0x2e84</run_address>
         <size>0x100</size>
         <input_file_ref idref="fl-d0"/>
      </object_component>
      <object_component id="oc-f2">
         <name>.text</name>
         <load_address>0x2f84</load_address>
         <run_address>0x2f84</run_address>
         <size>0xfc</size>
         <input_file_ref idref="fl-c7"/>
      </object_component>
      <object_component id="oc-14e">
         <name>.text:free</name>
         <load_address>0x3080</load_address>
         <run_address>0x3080</run_address>
         <size>0xe4</size>
         <input_file_ref idref="fl-d0"/>
      </object_component>
      <object_component id="oc-287">
         <name>.text:_ltostr</name>
         <load_address>0x3164</load_address>
         <run_address>0x3164</run_address>
         <size>0xb1</size>
         <input_file_ref idref="fl-d4"/>
      </object_component>
      <object_component id="oc-3e">
         <name>.text</name>
         <load_address>0x3216</load_address>
         <run_address>0x3216</run_address>
         <size>0x9c</size>
         <input_file_ref idref="fl-cc"/>
      </object_component>
      <object_component id="oc-2ea">
         <name>.text</name>
         <load_address>0x32b2</load_address>
         <run_address>0x32b2</run_address>
         <size>0x96</size>
         <input_file_ref idref="fl-d6"/>
      </object_component>
      <object_component id="oc-e3">
         <name>.text:__aeabi_cdcmple</name>
         <load_address>0x3348</load_address>
         <run_address>0x3348</run_address>
         <size>0x86</size>
         <input_file_ref idref="fl-c5"/>
      </object_component>
      <object_component id="oc-2f0">
         <name>.text:__aeabi_cdrcmple</name>
         <load_address>0x33ce</load_address>
         <run_address>0x33ce</run_address>
         <size>0x86</size>
         <input_file_ref idref="fl-c5"/>
      </object_component>
      <object_component id="oc-96">
         <name>.text</name>
         <load_address>0x3454</load_address>
         <run_address>0x3454</run_address>
         <size>0x7a</size>
         <input_file_ref idref="fl-d5"/>
      </object_component>
      <object_component id="oc-2da">
         <name>.text:split</name>
         <load_address>0x34d0</load_address>
         <run_address>0x34d0</run_address>
         <size>0x70</size>
         <input_file_ref idref="fl-d0"/>
      </object_component>
      <object_component id="oc-301">
         <name>.text:_mcpy</name>
         <load_address>0x3540</load_address>
         <run_address>0x3540</run_address>
         <size>0x6e</size>
         <input_file_ref idref="fl-d4"/>
      </object_component>
      <object_component id="oc-179">
         <name>.text</name>
         <load_address>0x35ae</load_address>
         <run_address>0x35ae</run_address>
         <size>0x6e</size>
         <input_file_ref idref="fl-c9"/>
      </object_component>
      <object_component id="oc-15">
         <name>.text:decompress:lzss:__TI_decompress_lzss</name>
         <load_address>0x361c</load_address>
         <run_address>0x361c</run_address>
         <size>0x68</size>
         <input_file_ref idref="fl-cf"/>
      </object_component>
      <object_component id="oc-316">
         <name>.text:frexp</name>
         <load_address>0x3684</load_address>
         <run_address>0x3684</run_address>
         <size>0x64</size>
         <input_file_ref idref="fl-e5"/>
      </object_component>
      <object_component id="oc-293">
         <name>.text:_pconv_f</name>
         <load_address>0x36e8</load_address>
         <run_address>0x36e8</run_address>
         <size>0x56</size>
         <input_file_ref idref="fl-d4"/>
      </object_component>
      <object_component id="oc-2f5">
         <name>.text:__TI_ltoa</name>
         <load_address>0x373e</load_address>
         <run_address>0x373e</run_address>
         <size>0x54</size>
         <input_file_ref idref="fl-dc"/>
      </object_component>
      <object_component id="oc-2fb">
         <name>.text:_ecpy</name>
         <load_address>0x3792</load_address>
         <run_address>0x3792</run_address>
         <size>0x52</size>
         <input_file_ref idref="fl-d4"/>
      </object_component>
      <object_component id="oc-281">
         <name>.text:atoi</name>
         <load_address>0x37e4</load_address>
         <run_address>0x37e4</run_address>
         <size>0x4c</size>
         <input_file_ref idref="fl-de"/>
      </object_component>
      <object_component id="oc-fc">
         <name>.text</name>
         <load_address>0x3830</load_address>
         <run_address>0x3830</run_address>
         <size>0x48</size>
         <input_file_ref idref="fl-c8"/>
      </object_component>
      <object_component id="oc-114">
         <name>.text:__TI_auto_init_nobinit_nopinit:__TI_auto_init_nobinit_nopinit</name>
         <load_address>0x3878</load_address>
         <run_address>0x3878</run_address>
         <size>0x44</size>
         <input_file_ref idref="fl-d7"/>
      </object_component>
      <object_component id="oc-192">
         <name>.text:vsnprintf</name>
         <load_address>0x38bc</load_address>
         <run_address>0x38bc</run_address>
         <size>0x40</size>
         <input_file_ref idref="fl-c3"/>
      </object_component>
      <object_component id="oc-30e">
         <name>.text:_fcpy</name>
         <load_address>0x38fc</load_address>
         <run_address>0x38fc</run_address>
         <size>0x3e</size>
         <input_file_ref idref="fl-d4"/>
      </object_component>
      <object_component id="oc-148">
         <name>.text:calloc</name>
         <load_address>0x393c</load_address>
         <run_address>0x393c</run_address>
         <size>0x38</size>
         <input_file_ref idref="fl-d0"/>
      </object_component>
      <object_component id="oc-17e">
         <name>.text</name>
         <load_address>0x3974</load_address>
         <run_address>0x3974</run_address>
         <size>0x38</size>
         <input_file_ref idref="fl-ca"/>
      </object_component>
      <object_component id="oc-167">
         <name>.text:IntRegister</name>
         <load_address>0x39ac</load_address>
         <run_address>0x39ac</run_address>
         <size>0x34</size>
         <input_file_ref idref="fl-e9"/>
      </object_component>
      <object_component id="oc-5c">
         <name>.text:_c_int00_noargs:_c_int00_noargs</name>
         <load_address>0x39e0</load_address>
         <run_address>0x39e0</run_address>
         <size>0x34</size>
         <input_file_ref idref="fl-d3"/>
      </object_component>
      <object_component id="oc-21e">
         <name>.text:_outs</name>
         <load_address>0x3a14</load_address>
         <run_address>0x3a14</run_address>
         <size>0x30</size>
         <input_file_ref idref="fl-c3"/>
      </object_component>
      <object_component id="oc-ed">
         <name>.text</name>
         <load_address>0x3a44</load_address>
         <run_address>0x3a44</run_address>
         <size>0x2e</size>
         <input_file_ref idref="fl-cb"/>
      </object_component>
      <object_component id="oc-1ec">
         <name>.text:free_list_insert</name>
         <load_address>0x3a74</load_address>
         <run_address>0x3a74</run_address>
         <size>0x28</size>
         <input_file_ref idref="fl-d0"/>
      </object_component>
      <object_component id="oc-4a">
         <name>.text:decompress:ZI:__TI_zero_init_nomemset:__TI_zero_init_nomemset</name>
         <load_address>0x3a9c</load_address>
         <run_address>0x3a9c</run_address>
         <size>0x1c</size>
         <input_file_ref idref="fl-cd"/>
      </object_component>
      <object_component id="oc-1e6">
         <name>.text:free_list_remove</name>
         <load_address>0x3ab8</load_address>
         <run_address>0x3ab8</run_address>
         <size>0x1c</size>
         <input_file_ref idref="fl-d0"/>
      </object_component>
      <object_component id="oc-2a5">
         <name>.text:memccpy</name>
         <load_address>0x3ad4</load_address>
         <run_address>0x3ad4</run_address>
         <size>0x1c</size>
         <input_file_ref idref="fl-e0"/>
      </object_component>
      <object_component id="oc-35f">
         <name>.text:copysign</name>
         <load_address>0x3af0</load_address>
         <run_address>0x3af0</run_address>
         <size>0x1a</size>
         <input_file_ref idref="fl-e8"/>
      </object_component>
      <object_component id="oc-224">
         <name>.text:_outc</name>
         <load_address>0x3b0a</load_address>
         <run_address>0x3b0a</run_address>
         <size>0x18</size>
         <input_file_ref idref="fl-c3"/>
      </object_component>
      <object_component id="oc-15a">
         <name>.text:oi_parseInt</name>
         <load_address>0x3b22</load_address>
         <run_address>0x3b22</run_address>
         <size>0x18</size>
         <input_file_ref idref="fl-7"/>
      </object_component>
      <object_component id="oc-161">
         <name>.text:strcmp</name>
         <load_address>0x3b3a</load_address>
         <run_address>0x3b3a</run_address>
         <size>0x18</size>
         <input_file_ref idref="fl-d1"/>
      </object_component>
      <object_component id="oc-322">
         <name>.text:strchr</name>
         <load_address>0x3b52</load_address>
         <run_address>0x3b52</run_address>
         <size>0x16</size>
         <input_file_ref idref="fl-e1"/>
      </object_component>
      <object_component id="oc-198">
         <name>.text:strcpy</name>
         <load_address>0x3b68</load_address>
         <run_address>0x3b68</run_address>
         <size>0x14</size>
         <input_file_ref idref="fl-d2"/>
      </object_component>
      <object_component id="oc-27b">
         <name>.text:strlen</name>
         <load_address>0x3b7c</load_address>
         <run_address>0x3b7c</run_address>
         <size>0x14</size>
         <input_file_ref idref="fl-e2"/>
      </object_component>
      <object_component id="oc-2ab">
         <name>.text:wcslen</name>
         <load_address>0x3b90</load_address>
         <run_address>0x3b90</run_address>
         <size>0x12</size>
         <input_file_ref idref="fl-e4"/>
      </object_component>
      <object_component id="oc-16d">
         <name>.text:IntMasterEnable</name>
         <load_address>0x3ba2</load_address>
         <run_address>0x3ba2</run_address>
         <size>0x10</size>
         <input_file_ref idref="fl-e9"/>
      </object_component>
      <object_component id="oc-18b">
         <name>.text:lcd_clear</name>
         <load_address>0x3bb2</load_address>
         <run_address>0x3bb2</run_address>
         <size>0x10</size>
         <input_file_ref idref="fl-5"/>
      </object_component>
      <object_component id="oc-1b">
         <name>.text:decompress:none:__TI_decompress_none</name>
         <load_address>0x3bc2</load_address>
         <run_address>0x3bc2</run_address>
         <size>0xe</size>
         <input_file_ref idref="fl-ce"/>
      </object_component>
      <object_component id="oc-204">
         <name>.text:CPUcpsie</name>
         <load_address>0x3bd0</load_address>
         <run_address>0x3bd0</run_address>
         <size>0xc</size>
         <input_file_ref idref="fl-ea"/>
      </object_component>
      <object_component id="oc-2a">
         <name>.text</name>
         <load_address>0x3bdc</load_address>
         <run_address>0x3bdc</run_address>
         <size>0xc</size>
         <input_file_ref idref="fl-8"/>
      </object_component>
      <object_component id="oc-2b1">
         <name>.text:__aeabi_errno_addr</name>
         <load_address>0x3be8</load_address>
         <run_address>0x3be8</run_address>
         <size>0x8</size>
         <input_file_ref idref="fl-e3"/>
      </object_component>
      <object_component id="oc-1df">
         <name>.text:malloc</name>
         <load_address>0x3bf0</load_address>
         <run_address>0x3bf0</run_address>
         <size>0x8</size>
         <input_file_ref idref="fl-d0"/>
      </object_component>
      <object_component id="oc-9c">
         <name>.text:_system_pre_init</name>
         <load_address>0x3bf8</load_address>
         <run_address>0x3bf8</run_address>
         <size>0x4</size>
         <input_file_ref idref="fl-d8"/>
      </object_component>
      <object_component id="oc-108">
         <name>.text:abort:abort</name>
         <load_address>0x3bfc</load_address>
         <run_address>0x3bfc</run_address>
         <size>0x4</size>
         <input_file_ref idref="fl-da"/>
      </object_component>
      <object_component id="oc-2e5">
         <name>.const:.string:_ctypes_</name>
         <load_address>0x3c00</load_address>
         <run_address>0x3c00</run_address>
         <size>0x101</size>
         <input_file_ref idref="fl-df"/>
      </object_component>
      <object_component id="oc-176">
         <name>.const:.string:$P$T0$3</name>
         <load_address>0x3d01</load_address>
         <run_address>0x3d01</run_address>
         <size>0xf</size>
         <input_file_ref idref="fl-7"/>
      </object_component>
      <object_component id="oc-19e">
         <name>.const:.string:lineAddress$1</name>
         <load_address>0x3d10</load_address>
         <run_address>0x3d10</run_address>
         <size>0x4</size>
         <input_file_ref idref="fl-5"/>
      </object_component>
      <object_component id="oc-19f">
         <name>.const:.string:lineAddresses$2</name>
         <load_address>0x3d14</load_address>
         <run_address>0x3d14</run_address>
         <size>0x4</size>
         <input_file_ref idref="fl-5"/>
      </object_component>
      <object_component id="oc-3b8">
         <name>.cinit..data.load</name>
         <load_address>0x3d18</load_address>
         <run_address>0x3d18</run_address>
         <size>0x18</size>
      </object_component>
      <object_component id="oc-3b5">
         <name>__TI_handler_table</name>
         <load_address>0x3d30</load_address>
         <run_address>0x3d30</run_address>
         <size>0xc</size>
      </object_component>
      <object_component id="oc-3b9">
         <name>.cinit..bss.load</name>
         <load_address>0x3d40</load_address>
         <run_address>0x3d40</run_address>
         <size>0x8</size>
      </object_component>
      <object_component id="oc-3b7">
         <name>.cinit..vtable.load</name>
         <load_address>0x3d48</load_address>
         <run_address>0x3d48</run_address>
         <size>0x8</size>
      </object_component>
      <object_component id="oc-3b6">
         <name>__TI_cinit_table</name>
         <load_address>0x3d50</load_address>
         <run_address>0x3d50</run_address>
         <size>0x18</size>
      </object_component>
      <object_component id="oc-1fa">
         <name>.vtable</name>
         <uninitialized>true</uninitialized>
         <run_address>0x20000000</run_address>
         <size>0x26c</size>
         <input_file_ref idref="fl-e9"/>
      </object_component>
      <object_component id="oc-1f3">
         <name>.data</name>
         <load_address>0x20002314</load_address>
         <run_address>0x20002314</run_address>
         <size>0x1</size>
         <input_file_ref idref="fl-2"/>
      </object_component>
      <object_component id="oc-173">
         <name>.data</name>
         <load_address>0x200022e0</load_address>
         <run_address>0x200022e0</run_address>
         <size>0x20</size>
         <input_file_ref idref="fl-7"/>
      </object_component>
      <object_component id="oc-263">
         <name>.data:$O1$$</name>
         <load_address>0x20002308</load_address>
         <run_address>0x20002308</run_address>
         <size>0x8</size>
         <input_file_ref idref="fl-d0"/>
      </object_component>
      <object_component id="oc-1c3">
         <name>.data:$O1$$</name>
         <load_address>0x20002300</load_address>
         <run_address>0x20002300</run_address>
         <size>0x8</size>
         <input_file_ref idref="fl-db"/>
      </object_component>
      <object_component id="oc-332">
         <name>.data</name>
         <load_address>0x20002310</load_address>
         <run_address>0x20002310</run_address>
         <size>0x4</size>
         <input_file_ref idref="fl-e3"/>
      </object_component>
      <object_component id="oc-1a0">
         <name>.bss:lastbuffer$3</name>
         <uninitialized>true</uninitialized>
         <run_address>0x20002270</run_address>
         <size>0x54</size>
         <input_file_ref idref="fl-5"/>
      </object_component>
      <object_component id="oc-183">
         <name>.bss:firmware$2</name>
         <uninitialized>true</uninitialized>
         <run_address>0x200022c4</run_address>
         <size>0x18</size>
         <input_file_ref idref="fl-7"/>
      </object_component>
      <object_component id="oc-1f6">
         <name>.common:_timeout_ticks</name>
         <uninitialized>true</uninitialized>
         <run_address>0x200022dc</run_address>
         <size>0x4</size>
      </object_component>
      <object_component id="oc-24">
         <name>.sysmem</name>
         <uninitialized>true</uninitialized>
         <run_address>0x20001270</run_address>
         <size>0x10</size>
         <input_file_ref idref="fl-d0"/>
      </object_component>
      <object_component id="oc-3bc">
         <name>.sysmem</name>
         <uninitialized>true</uninitialized>
         <run_address>0x20001270</run_address>
         <size>0x0</size>
      </object_component>
      <object_component id="oc-27">
         <name>.stack</name>
         <uninitialized>true</uninitialized>
         <run_address>0x20000270</run_address>
         <size>0x4</size>
         <input_file_ref idref="fl-d3"/>
      </object_component>
      <object_component id="oc-3bb">
         <name>.stack</name>
         <uninitialized>true</uninitialized>
         <run_address>0x20000270</run_address>
         <size>0x0</size>
      </object_component>
      <object_component id="oc-c5">
         <name>.debug_info</name>
         <load_address>0x0</load_address>
         <run_address>0x0</run_address>
         <size>0x2ac</size>
         <input_file_ref idref="fl-2"/>
      </object_component>
      <object_component id="oc-1f4">
         <name>.debug_info</name>
         <load_address>0x2ac</load_address>
         <run_address>0x2ac</run_address>
         <size>0xba</size>
         <input_file_ref idref="fl-2"/>
      </object_component>
      <object_component id="oc-156">
         <name>.debug_info</name>
         <load_address>0x366</load_address>
         <run_address>0x366</run_address>
         <size>0x502</size>
         <input_file_ref idref="fl-2"/>
      </object_component>
      <object_component id="oc-77">
         <name>.debug_info</name>
         <load_address>0x868</load_address>
         <run_address>0x868</run_address>
         <size>0x26b</size>
         <input_file_ref idref="fl-2"/>
      </object_component>
      <object_component id="oc-39">
         <name>.debug_info</name>
         <load_address>0xad3</load_address>
         <run_address>0xad3</run_address>
         <size>0x84</size>
         <input_file_ref idref="fl-2"/>
      </object_component>
      <object_component id="oc-c0">
         <name>.debug_info</name>
         <load_address>0xb57</load_address>
         <run_address>0xb57</run_address>
         <size>0x2a4</size>
         <input_file_ref idref="fl-2"/>
      </object_component>
      <object_component id="oc-7c">
         <name>.debug_info</name>
         <load_address>0xdfb</load_address>
         <run_address>0xdfb</run_address>
         <size>0xbb</size>
         <input_file_ref idref="fl-2"/>
      </object_component>
      <object_component id="oc-23a">
         <name>.debug_info</name>
         <load_address>0xeb6</load_address>
         <run_address>0xeb6</run_address>
         <size>0xbc</size>
         <input_file_ref idref="fl-4"/>
      </object_component>
      <object_component id="oc-213">
         <name>.debug_info</name>
         <load_address>0xf72</load_address>
         <run_address>0xf72</run_address>
         <size>0xcc</size>
         <input_file_ref idref="fl-4"/>
      </object_component>
      <object_component id="oc-1a3">
         <name>.debug_info</name>
         <load_address>0x103e</load_address>
         <run_address>0x103e</run_address>
         <size>0x2c</size>
         <input_file_ref idref="fl-4"/>
      </object_component>
      <object_component id="oc-1b5">
         <name>.debug_info</name>
         <load_address>0x106a</load_address>
         <run_address>0x106a</run_address>
         <size>0x35</size>
         <input_file_ref idref="fl-4"/>
      </object_component>
      <object_component id="oc-1a2">
         <name>.debug_info</name>
         <load_address>0x109f</load_address>
         <run_address>0x109f</run_address>
         <size>0x37a</size>
         <input_file_ref idref="fl-5"/>
      </object_component>
      <object_component id="oc-18d">
         <name>.debug_info</name>
         <load_address>0x1419</load_address>
         <run_address>0x1419</run_address>
         <size>0x10f</size>
         <input_file_ref idref="fl-5"/>
      </object_component>
      <object_component id="oc-de">
         <name>.debug_info</name>
         <load_address>0x1528</load_address>
         <run_address>0x1528</run_address>
         <size>0x89b</size>
         <input_file_ref idref="fl-5"/>
      </object_component>
      <object_component id="oc-107">
         <name>.debug_info</name>
         <load_address>0x1dc3</load_address>
         <run_address>0x1dc3</run_address>
         <size>0x387</size>
         <input_file_ref idref="fl-6"/>
      </object_component>
      <object_component id="oc-a3">
         <name>.debug_info</name>
         <load_address>0x214a</load_address>
         <run_address>0x214a</run_address>
         <size>0xf43</size>
         <input_file_ref idref="fl-6"/>
      </object_component>
      <object_component id="oc-1b0">
         <name>.debug_info</name>
         <load_address>0x308d</load_address>
         <run_address>0x308d</run_address>
         <size>0x5aa</size>
         <input_file_ref idref="fl-6"/>
      </object_component>
      <object_component id="oc-102">
         <name>.debug_info</name>
         <load_address>0x3637</load_address>
         <run_address>0x3637</run_address>
         <size>0x69</size>
         <input_file_ref idref="fl-6"/>
      </object_component>
      <object_component id="oc-1ba">
         <name>.debug_info</name>
         <load_address>0x36a0</load_address>
         <run_address>0x36a0</run_address>
         <size>0x2c</size>
         <input_file_ref idref="fl-6"/>
      </object_component>
      <object_component id="oc-185">
         <name>.debug_info</name>
         <load_address>0x36cc</load_address>
         <run_address>0x36cc</run_address>
         <size>0x3f7</size>
         <input_file_ref idref="fl-7"/>
      </object_component>
      <object_component id="oc-174">
         <name>.debug_info</name>
         <load_address>0x3ac3</load_address>
         <run_address>0x3ac3</run_address>
         <size>0x10c</size>
         <input_file_ref idref="fl-7"/>
      </object_component>
      <object_component id="oc-177">
         <name>.debug_info</name>
         <load_address>0x3bcf</load_address>
         <run_address>0x3bcf</run_address>
         <size>0xc1</size>
         <input_file_ref idref="fl-7"/>
      </object_component>
      <object_component id="oc-15b">
         <name>.debug_info</name>
         <load_address>0x3c90</load_address>
         <run_address>0x3c90</run_address>
         <size>0x139</size>
         <input_file_ref idref="fl-7"/>
      </object_component>
      <object_component id="oc-d8">
         <name>.debug_info</name>
         <load_address>0x3dc9</load_address>
         <run_address>0x3dc9</run_address>
         <size>0x1983</size>
         <input_file_ref idref="fl-7"/>
      </object_component>
      <object_component id="oc-186">
         <name>.debug_info</name>
         <load_address>0x574c</load_address>
         <run_address>0x574c</run_address>
         <size>0x8b</size>
         <input_file_ref idref="fl-7"/>
      </object_component>
      <object_component id="oc-32">
         <name>.debug_info</name>
         <load_address>0x57d7</load_address>
         <run_address>0x57d7</run_address>
         <size>0x296</size>
         <input_file_ref idref="fl-8"/>
      </object_component>
      <object_component id="oc-13">
         <name>.debug_info</name>
         <load_address>0x5a6d</load_address>
         <run_address>0x5a6d</run_address>
         <size>0xd5</size>
         <input_file_ref idref="fl-8"/>
      </object_component>
      <object_component id="oc-2b">
         <name>.debug_info</name>
         <load_address>0x5b42</load_address>
         <run_address>0x5b42</run_address>
         <size>0x251</size>
         <input_file_ref idref="fl-8"/>
      </object_component>
      <object_component id="oc-22b">
         <name>.debug_info</name>
         <load_address>0x5d93</load_address>
         <run_address>0x5d93</run_address>
         <size>0x340</size>
         <input_file_ref idref="fl-c3"/>
      </object_component>
      <object_component id="oc-195">
         <name>.debug_info</name>
         <load_address>0x60d3</load_address>
         <run_address>0x60d3</run_address>
         <size>0x208</size>
         <input_file_ref idref="fl-c3"/>
      </object_component>
      <object_component id="oc-221">
         <name>.debug_info</name>
         <load_address>0x62db</load_address>
         <run_address>0x62db</run_address>
         <size>0x1c6</size>
         <input_file_ref idref="fl-c3"/>
      </object_component>
      <object_component id="oc-228">
         <name>.debug_info</name>
         <load_address>0x64a1</load_address>
         <run_address>0x64a1</run_address>
         <size>0x179</size>
         <input_file_ref idref="fl-c3"/>
      </object_component>
      <object_component id="oc-22c">
         <name>.debug_info</name>
         <load_address>0x661a</load_address>
         <run_address>0x661a</run_address>
         <size>0x2c</size>
         <input_file_ref idref="fl-c3"/>
      </object_component>
      <object_component id="oc-231">
         <name>.debug_info</name>
         <load_address>0x6646</load_address>
         <run_address>0x6646</run_address>
         <size>0x69</size>
         <input_file_ref idref="fl-c3"/>
      </object_component>
      <object_component id="oc-eb">
         <name>.debug_info</name>
         <load_address>0x66af</load_address>
         <run_address>0x66af</run_address>
         <size>0x14c</size>
         <input_file_ref idref="fl-c4"/>
      </object_component>
      <object_component id="oc-e6">
         <name>.debug_info</name>
         <load_address>0x67fb</load_address>
         <run_address>0x67fb</run_address>
         <size>0x128</size>
         <input_file_ref idref="fl-c5"/>
      </object_component>
      <object_component id="oc-2f2">
         <name>.debug_info</name>
         <load_address>0x6923</load_address>
         <run_address>0x6923</run_address>
         <size>0x12a</size>
         <input_file_ref idref="fl-c5"/>
      </object_component>
      <object_component id="oc-f8">
         <name>.debug_info</name>
         <load_address>0x6a4d</load_address>
         <run_address>0x6a4d</run_address>
         <size>0x13a</size>
         <input_file_ref idref="fl-c6"/>
      </object_component>
      <object_component id="oc-f3">
         <name>.debug_info</name>
         <load_address>0x6b87</load_address>
         <run_address>0x6b87</run_address>
         <size>0x13a</size>
         <input_file_ref idref="fl-c7"/>
      </object_component>
      <object_component id="oc-fd">
         <name>.debug_info</name>
         <load_address>0x6cc1</load_address>
         <run_address>0x6cc1</run_address>
         <size>0x12e</size>
         <input_file_ref idref="fl-c8"/>
      </object_component>
      <object_component id="oc-17c">
         <name>.debug_info</name>
         <load_address>0x6def</load_address>
         <run_address>0x6def</run_address>
         <size>0x13e</size>
         <input_file_ref idref="fl-c9"/>
      </object_component>
      <object_component id="oc-180">
         <name>.debug_info</name>
         <load_address>0x6f2d</load_address>
         <run_address>0x6f2d</run_address>
         <size>0x12c</size>
         <input_file_ref idref="fl-ca"/>
      </object_component>
      <object_component id="oc-ef">
         <name>.debug_info</name>
         <load_address>0x7059</load_address>
         <run_address>0x7059</run_address>
         <size>0x12c</size>
         <input_file_ref idref="fl-cb"/>
      </object_component>
      <object_component id="oc-40">
         <name>.debug_info</name>
         <load_address>0x7185</load_address>
         <run_address>0x7185</run_address>
         <size>0x119</size>
         <input_file_ref idref="fl-cc"/>
      </object_component>
      <object_component id="oc-95">
         <name>.debug_info</name>
         <load_address>0x729e</load_address>
         <run_address>0x729e</run_address>
         <size>0x2d4</size>
         <input_file_ref idref="fl-cd"/>
      </object_component>
      <object_component id="oc-4e">
         <name>.debug_info</name>
         <load_address>0x7572</load_address>
         <run_address>0x7572</run_address>
         <size>0x1d2</size>
         <input_file_ref idref="fl-cd"/>
      </object_component>
      <object_component id="oc-90">
         <name>.debug_info</name>
         <load_address>0x7744</load_address>
         <run_address>0x7744</run_address>
         <size>0x46</size>
         <input_file_ref idref="fl-cd"/>
      </object_component>
      <object_component id="oc-ce">
         <name>.debug_info</name>
         <load_address>0x778a</load_address>
         <run_address>0x778a</run_address>
         <size>0x2c</size>
         <input_file_ref idref="fl-cd"/>
      </object_component>
      <object_component id="oc-49">
         <name>.debug_info</name>
         <load_address>0x77b6</load_address>
         <run_address>0x77b6</run_address>
         <size>0x2a8</size>
         <input_file_ref idref="fl-ce"/>
      </object_component>
      <object_component id="oc-1f">
         <name>.debug_info</name>
         <load_address>0x7a5e</load_address>
         <run_address>0x7a5e</run_address>
         <size>0x1ea</size>
         <input_file_ref idref="fl-ce"/>
      </object_component>
      <object_component id="oc-44">
         <name>.debug_info</name>
         <load_address>0x7c48</load_address>
         <run_address>0x7c48</run_address>
         <size>0x46</size>
         <input_file_ref idref="fl-ce"/>
      </object_component>
      <object_component id="oc-88">
         <name>.debug_info</name>
         <load_address>0x7c8e</load_address>
         <run_address>0x7c8e</run_address>
         <size>0x2c</size>
         <input_file_ref idref="fl-ce"/>
      </object_component>
      <object_component id="oc-86">
         <name>.debug_info</name>
         <load_address>0x7cba</load_address>
         <run_address>0x7cba</run_address>
         <size>0x29e</size>
         <input_file_ref idref="fl-cf"/>
      </object_component>
      <object_component id="oc-17">
         <name>.debug_info</name>
         <load_address>0x7f58</load_address>
         <run_address>0x7f58</run_address>
         <size>0x250</size>
         <input_file_ref idref="fl-cf"/>
      </object_component>
      <object_component id="oc-34">
         <name>.debug_info</name>
         <load_address>0x81a8</load_address>
         <run_address>0x81a8</run_address>
         <size>0x60</size>
         <input_file_ref idref="fl-cf"/>
      </object_component>
      <object_component id="oc-c7">
         <name>.debug_info</name>
         <load_address>0x8208</load_address>
         <run_address>0x8208</run_address>
         <size>0x46</size>
         <input_file_ref idref="fl-cf"/>
      </object_component>
      <object_component id="oc-81">
         <name>.debug_info</name>
         <load_address>0x824e</load_address>
         <run_address>0x824e</run_address>
         <size>0x39</size>
         <input_file_ref idref="fl-cf"/>
      </object_component>
      <object_component id="oc-70">
         <name>.debug_info</name>
         <load_address>0x8287</load_address>
         <run_address>0x8287</run_address>
         <size>0x3b2</size>
         <input_file_ref idref="fl-d0"/>
      </object_component>
      <object_component id="oc-25">
         <name>.debug_info</name>
         <load_address>0x8639</load_address>
         <run_address>0x8639</run_address>
         <size>0x10c</size>
         <input_file_ref idref="fl-d0"/>
      </object_component>
      <object_component id="oc-264">
         <name>.debug_info</name>
         <load_address>0x8745</load_address>
         <run_address>0x8745</run_address>
         <size>0x13f</size>
         <input_file_ref idref="fl-d0"/>
      </object_component>
      <object_component id="oc-1e3">
         <name>.debug_info</name>
         <load_address>0x8884</load_address>
         <run_address>0x8884</run_address>
         <size>0x168</size>
         <input_file_ref idref="fl-d0"/>
      </object_component>
      <object_component id="oc-1e8">
         <name>.debug_info</name>
         <load_address>0x89ec</load_address>
         <run_address>0x89ec</run_address>
         <size>0x18e</size>
         <input_file_ref idref="fl-d0"/>
      </object_component>
      <object_component id="oc-1ef">
         <name>.debug_info</name>
         <load_address>0x8b7a</load_address>
         <run_address>0x8b7a</run_address>
         <size>0x19f</size>
         <input_file_ref idref="fl-d0"/>
      </object_component>
      <object_component id="oc-150">
         <name>.debug_info</name>
         <load_address>0x8d19</load_address>
         <run_address>0x8d19</run_address>
         <size>0x203</size>
         <input_file_ref idref="fl-d0"/>
      </object_component>
      <object_component id="oc-2de">
         <name>.debug_info</name>
         <load_address>0x8f1c</load_address>
         <run_address>0x8f1c</run_address>
         <size>0x1db</size>
         <input_file_ref idref="fl-d0"/>
      </object_component>
      <object_component id="oc-14c">
         <name>.debug_info</name>
         <load_address>0x90f7</load_address>
         <run_address>0x90f7</run_address>
         <size>0x1a5</size>
         <input_file_ref idref="fl-d0"/>
      </object_component>
      <object_component id="oc-25f">
         <name>.debug_info</name>
         <load_address>0x929c</load_address>
         <run_address>0x929c</run_address>
         <size>0x299</size>
         <input_file_ref idref="fl-d0"/>
      </object_component>
      <object_component id="oc-bb">
         <name>.debug_info</name>
         <load_address>0x9535</load_address>
         <run_address>0x9535</run_address>
         <size>0xb2</size>
         <input_file_ref idref="fl-d0"/>
      </object_component>
      <object_component id="oc-b6">
         <name>.debug_info</name>
         <load_address>0x95e7</load_address>
         <run_address>0x95e7</run_address>
         <size>0x2c</size>
         <input_file_ref idref="fl-d0"/>
      </object_component>
      <object_component id="oc-1f9">
         <name>.debug_info</name>
         <load_address>0x9613</load_address>
         <run_address>0x9613</run_address>
         <size>0x28a</size>
         <input_file_ref idref="fl-d1"/>
      </object_component>
      <object_component id="oc-164">
         <name>.debug_info</name>
         <load_address>0x989d</load_address>
         <run_address>0x989d</run_address>
         <size>0x273</size>
         <input_file_ref idref="fl-d1"/>
      </object_component>
      <object_component id="oc-237">
         <name>.debug_info</name>
         <load_address>0x9b10</load_address>
         <run_address>0x9b10</run_address>
         <size>0x2a4</size>
         <input_file_ref idref="fl-d2"/>
      </object_component>
      <object_component id="oc-199">
         <name>.debug_info</name>
         <load_address>0x9db4</load_address>
         <run_address>0x9db4</run_address>
         <size>0x24d</size>
         <input_file_ref idref="fl-d2"/>
      </object_component>
      <object_component id="oc-28">
         <name>.debug_info</name>
         <load_address>0xa001</load_address>
         <run_address>0xa001</run_address>
         <size>0x10b</size>
         <input_file_ref idref="fl-d3"/>
      </object_component>
      <object_component id="oc-5d">
         <name>.debug_info</name>
         <load_address>0xa10c</load_address>
         <run_address>0xa10c</run_address>
         <size>0x1a9</size>
         <input_file_ref idref="fl-d3"/>
      </object_component>
      <object_component id="oc-2b8">
         <name>.debug_info</name>
         <load_address>0xa2b5</load_address>
         <run_address>0xa2b5</run_address>
         <size>0x590</size>
         <input_file_ref idref="fl-d4"/>
      </object_component>
      <object_component id="oc-28a">
         <name>.debug_info</name>
         <load_address>0xa845</load_address>
         <run_address>0xa845</run_address>
         <size>0x21e</size>
         <input_file_ref idref="fl-d4"/>
      </object_component>
      <object_component id="oc-2fd">
         <name>.debug_info</name>
         <load_address>0xaa63</load_address>
         <run_address>0xaa63</run_address>
         <size>0x1b3</size>
         <input_file_ref idref="fl-d4"/>
      </object_component>
      <object_component id="oc-303">
         <name>.debug_info</name>
         <load_address>0xac16</load_address>
         <run_address>0xac16</run_address>
         <size>0x21b</size>
         <input_file_ref idref="fl-d4"/>
      </object_component>
      <object_component id="oc-28f">
         <name>.debug_info</name>
         <load_address>0xae31</load_address>
         <run_address>0xae31</run_address>
         <size>0x3c0</size>
         <input_file_ref idref="fl-d4"/>
      </object_component>
      <object_component id="oc-30a">
         <name>.debug_info</name>
         <load_address>0xb1f1</load_address>
         <run_address>0xb1f1</run_address>
         <size>0x30a</size>
         <input_file_ref idref="fl-d4"/>
      </object_component>
      <object_component id="oc-311">
         <name>.debug_info</name>
         <load_address>0xb4fb</load_address>
         <run_address>0xb4fb</run_address>
         <size>0x215</size>
         <input_file_ref idref="fl-d4"/>
      </object_component>
      <object_component id="oc-295">
         <name>.debug_info</name>
         <load_address>0xb710</load_address>
         <run_address>0xb710</run_address>
         <size>0x215</size>
         <input_file_ref idref="fl-d4"/>
      </object_component>
      <object_component id="oc-29c">
         <name>.debug_info</name>
         <load_address>0xb925</load_address>
         <run_address>0xb925</run_address>
         <size>0x304</size>
         <input_file_ref idref="fl-d4"/>
      </object_component>
      <object_component id="oc-2a1">
         <name>.debug_info</name>
         <load_address>0xbc29</load_address>
         <run_address>0xbc29</run_address>
         <size>0x4b5</size>
         <input_file_ref idref="fl-d4"/>
      </object_component>
      <object_component id="oc-21b">
         <name>.debug_info</name>
         <load_address>0xc0de</load_address>
         <run_address>0xc0de</run_address>
         <size>0x5f4</size>
         <input_file_ref idref="fl-d4"/>
      </object_component>
      <object_component id="oc-2b9">
         <name>.debug_info</name>
         <load_address>0xc6d2</load_address>
         <run_address>0xc6d2</run_address>
         <size>0x86</size>
         <input_file_ref idref="fl-d4"/>
      </object_component>
      <object_component id="oc-339">
         <name>.debug_info</name>
         <load_address>0xc758</load_address>
         <run_address>0xc758</run_address>
         <size>0x39</size>
         <input_file_ref idref="fl-d4"/>
      </object_component>
      <object_component id="oc-376">
         <name>.debug_info</name>
         <load_address>0xc791</load_address>
         <run_address>0xc791</run_address>
         <size>0xb6</size>
         <input_file_ref idref="fl-d4"/>
      </object_component>
      <object_component id="oc-33e">
         <name>.debug_info</name>
         <load_address>0xc847</load_address>
         <run_address>0xc847</run_address>
         <size>0x46</size>
         <input_file_ref idref="fl-d4"/>
      </object_component>
      <object_component id="oc-2be">
         <name>.debug_info</name>
         <load_address>0xc88d</load_address>
         <run_address>0xc88d</run_address>
         <size>0x46</size>
         <input_file_ref idref="fl-d4"/>
      </object_component>
      <object_component id="oc-97">
         <name>.debug_info</name>
         <load_address>0xc8d3</load_address>
         <run_address>0xc8d3</run_address>
         <size>0x147</size>
         <input_file_ref idref="fl-d5"/>
      </object_component>
      <object_component id="oc-2ec">
         <name>.debug_info</name>
         <load_address>0xca1a</load_address>
         <run_address>0xca1a</run_address>
         <size>0x134</size>
         <input_file_ref idref="fl-d6"/>
      </object_component>
      <object_component id="oc-1ca">
         <name>.debug_info</name>
         <load_address>0xcb4e</load_address>
         <run_address>0xcb4e</run_address>
         <size>0x4b3</size>
         <input_file_ref idref="fl-d7"/>
      </object_component>
      <object_component id="oc-117">
         <name>.debug_info</name>
         <load_address>0xd001</load_address>
         <run_address>0xd001</run_address>
         <size>0x1a6</size>
         <input_file_ref idref="fl-d7"/>
      </object_component>
      <object_component id="oc-24b">
         <name>.debug_info</name>
         <load_address>0xd1a7</load_address>
         <run_address>0xd1a7</run_address>
         <size>0x39</size>
         <input_file_ref idref="fl-d7"/>
      </object_component>
      <object_component id="oc-2ce">
         <name>.debug_info</name>
         <load_address>0xd1e0</load_address>
         <run_address>0xd1e0</run_address>
         <size>0x39</size>
         <input_file_ref idref="fl-d7"/>
      </object_component>
      <object_component id="oc-250">
         <name>.debug_info</name>
         <load_address>0xd219</load_address>
         <run_address>0xd219</run_address>
         <size>0x39</size>
         <input_file_ref idref="fl-d7"/>
      </object_component>
      <object_component id="oc-255">
         <name>.debug_info</name>
         <load_address>0xd252</load_address>
         <run_address>0xd252</run_address>
         <size>0xcd</size>
         <input_file_ref idref="fl-d7"/>
      </object_component>
      <object_component id="oc-9e">
         <name>.debug_info</name>
         <load_address>0xd31f</load_address>
         <run_address>0xd31f</run_address>
         <size>0x153</size>
         <input_file_ref idref="fl-d8"/>
      </object_component>
      <object_component id="oc-109">
         <name>.debug_info</name>
         <load_address>0xd472</load_address>
         <run_address>0xd472</run_address>
         <size>0x122</size>
         <input_file_ref idref="fl-da"/>
      </object_component>
      <object_component id="oc-245">
         <name>.debug_info</name>
         <load_address>0xd594</load_address>
         <run_address>0xd594</run_address>
         <size>0x2c9</size>
         <input_file_ref idref="fl-db"/>
      </object_component>
      <object_component id="oc-1c4">
         <name>.debug_info</name>
         <load_address>0xd85d</load_address>
         <run_address>0xd85d</run_address>
         <size>0x11e</size>
         <input_file_ref idref="fl-db"/>
      </object_component>
      <object_component id="oc-240">
         <name>.debug_info</name>
         <load_address>0xd97b</load_address>
         <run_address>0xd97b</run_address>
         <size>0x12e</size>
         <input_file_ref idref="fl-db"/>
      </object_component>
      <object_component id="oc-353">
         <name>.debug_info</name>
         <load_address>0xdaa9</load_address>
         <run_address>0xdaa9</run_address>
         <size>0x29c</size>
         <input_file_ref idref="fl-dc"/>
      </object_component>
      <object_component id="oc-2f6">
         <name>.debug_info</name>
         <load_address>0xdd45</load_address>
         <run_address>0xdd45</run_address>
         <size>0x1da</size>
         <input_file_ref idref="fl-dc"/>
      </object_component>
      <object_component id="oc-2e9">
         <name>.debug_info</name>
         <load_address>0xdf1f</load_address>
         <run_address>0xdf1f</run_address>
         <size>0x2b9</size>
         <input_file_ref idref="fl-de"/>
      </object_component>
      <object_component id="oc-282">
         <name>.debug_info</name>
         <load_address>0xe1d8</load_address>
         <run_address>0xe1d8</run_address>
         <size>0x17c</size>
         <input_file_ref idref="fl-de"/>
      </object_component>
      <object_component id="oc-348">
         <name>.debug_info</name>
         <load_address>0xe354</load_address>
         <run_address>0xe354</run_address>
         <size>0xf9</size>
         <input_file_ref idref="fl-df"/>
      </object_component>
      <object_component id="oc-2e6">
         <name>.debug_info</name>
         <load_address>0xe44d</load_address>
         <run_address>0xe44d</run_address>
         <size>0x105</size>
         <input_file_ref idref="fl-df"/>
      </object_component>
      <object_component id="oc-32a">
         <name>.debug_info</name>
         <load_address>0xe552</load_address>
         <run_address>0xe552</run_address>
         <size>0x2a7</size>
         <input_file_ref idref="fl-e0"/>
      </object_component>
      <object_component id="oc-2a9">
         <name>.debug_info</name>
         <load_address>0xe7f9</load_address>
         <run_address>0xe7f9</run_address>
         <size>0x1b8</size>
         <input_file_ref idref="fl-e0"/>
      </object_component>
      <object_component id="oc-368">
         <name>.debug_info</name>
         <load_address>0xe9b1</load_address>
         <run_address>0xe9b1</run_address>
         <size>0x29a</size>
         <input_file_ref idref="fl-e1"/>
      </object_component>
      <object_component id="oc-326">
         <name>.debug_info</name>
         <load_address>0xec4b</load_address>
         <run_address>0xec4b</run_address>
         <size>0x262</size>
         <input_file_ref idref="fl-e1"/>
      </object_component>
      <object_component id="oc-2e4">
         <name>.debug_info</name>
         <load_address>0xeead</load_address>
         <run_address>0xeead</run_address>
         <size>0x28f</size>
         <input_file_ref idref="fl-e2"/>
      </object_component>
      <object_component id="oc-27c">
         <name>.debug_info</name>
         <load_address>0xf13c</load_address>
         <run_address>0xf13c</run_address>
         <size>0x245</size>
         <input_file_ref idref="fl-e2"/>
      </object_component>
      <object_component id="oc-336">
         <name>.debug_info</name>
         <load_address>0xf381</load_address>
         <run_address>0xf381</run_address>
         <size>0x289</size>
         <input_file_ref idref="fl-e3"/>
      </object_component>
      <object_component id="oc-333">
         <name>.debug_info</name>
         <load_address>0xf60a</load_address>
         <run_address>0xf60a</run_address>
         <size>0x10e</size>
         <input_file_ref idref="fl-e3"/>
      </object_component>
      <object_component id="oc-2b2">
         <name>.debug_info</name>
         <load_address>0xf718</load_address>
         <run_address>0xf718</run_address>
         <size>0x14e</size>
         <input_file_ref idref="fl-e3"/>
      </object_component>
      <object_component id="oc-331">
         <name>.debug_info</name>
         <load_address>0xf866</load_address>
         <run_address>0xf866</run_address>
         <size>0x28f</size>
         <input_file_ref idref="fl-e4"/>
      </object_component>
      <object_component id="oc-2af">
         <name>.debug_info</name>
         <load_address>0xfaf5</load_address>
         <run_address>0xfaf5</run_address>
         <size>0x15a</size>
         <input_file_ref idref="fl-e4"/>
      </object_component>
      <object_component id="oc-36b">
         <name>.debug_info</name>
         <load_address>0xfc4f</load_address>
         <run_address>0xfc4f</run_address>
         <size>0x46</size>
         <input_file_ref idref="fl-e4"/>
      </object_component>
      <object_component id="oc-32c">
         <name>.debug_info</name>
         <load_address>0xfc95</load_address>
         <run_address>0xfc95</run_address>
         <size>0x39</size>
         <input_file_ref idref="fl-e4"/>
      </object_component>
      <object_component id="oc-359">
         <name>.debug_info</name>
         <load_address>0xfcce</load_address>
         <run_address>0xfcce</run_address>
         <size>0x295</size>
         <input_file_ref idref="fl-e5"/>
      </object_component>
      <object_component id="oc-317">
         <name>.debug_info</name>
         <load_address>0xff63</load_address>
         <run_address>0xff63</run_address>
         <size>0x195</size>
         <input_file_ref idref="fl-e5"/>
      </object_component>
      <object_component id="oc-382">
         <name>.debug_info</name>
         <load_address>0x100f8</load_address>
         <run_address>0x100f8</run_address>
         <size>0x39</size>
         <input_file_ref idref="fl-e5"/>
      </object_component>
      <object_component id="oc-35a">
         <name>.debug_info</name>
         <load_address>0x10131</load_address>
         <run_address>0x10131</run_address>
         <size>0x2c</size>
         <input_file_ref idref="fl-e5"/>
      </object_component>
      <object_component id="oc-366">
         <name>.debug_info</name>
         <load_address>0x1015d</load_address>
         <run_address>0x1015d</run_address>
         <size>0x2f8</size>
         <input_file_ref idref="fl-e6"/>
      </object_component>
      <object_component id="oc-31e">
         <name>.debug_info</name>
         <load_address>0x10455</load_address>
         <run_address>0x10455</run_address>
         <size>0x225</size>
         <input_file_ref idref="fl-e6"/>
      </object_component>
      <object_component id="oc-34c">
         <name>.debug_info</name>
         <load_address>0x1067a</load_address>
         <run_address>0x1067a</run_address>
         <size>0x115</size>
         <input_file_ref idref="fl-e7"/>
      </object_component>
      <object_component id="oc-361">
         <name>.debug_info</name>
         <load_address>0x1078f</load_address>
         <run_address>0x1078f</run_address>
         <size>0x161</size>
         <input_file_ref idref="fl-e8"/>
      </object_component>
      <object_component id="oc-203">
         <name>.debug_info</name>
         <load_address>0x108f0</load_address>
         <run_address>0x108f0</run_address>
         <size>0x3b7</size>
         <input_file_ref idref="fl-e9"/>
      </object_component>
      <object_component id="oc-1fb">
         <name>.debug_info</name>
         <load_address>0x10ca7</load_address>
         <run_address>0x10ca7</run_address>
         <size>0x160</size>
         <input_file_ref idref="fl-e9"/>
      </object_component>
      <object_component id="oc-168">
         <name>.debug_info</name>
         <load_address>0x10e07</load_address>
         <run_address>0x10e07</run_address>
         <size>0x2ca</size>
         <input_file_ref idref="fl-e9"/>
      </object_component>
      <object_component id="oc-16e">
         <name>.debug_info</name>
         <load_address>0x110d1</load_address>
         <run_address>0x110d1</run_address>
         <size>0x247</size>
         <input_file_ref idref="fl-e9"/>
      </object_component>
      <object_component id="oc-275">
         <name>.debug_info</name>
         <load_address>0x11318</load_address>
         <run_address>0x11318</run_address>
         <size>0x26b</size>
         <input_file_ref idref="fl-e9"/>
      </object_component>
      <object_component id="oc-26e">
         <name>.debug_info</name>
         <load_address>0x11583</load_address>
         <run_address>0x11583</run_address>
         <size>0x297</size>
         <input_file_ref idref="fl-e9"/>
      </object_component>
      <object_component id="oc-1fe">
         <name>.debug_info</name>
         <load_address>0x1181a</load_address>
         <run_address>0x1181a</run_address>
         <size>0xbb</size>
         <input_file_ref idref="fl-e9"/>
      </object_component>
      <object_component id="oc-207">
         <name>.debug_info</name>
         <load_address>0x118d5</load_address>
         <run_address>0x118d5</run_address>
         <size>0x21b</size>
         <input_file_ref idref="fl-ea"/>
      </object_component>
      <object_component id="oc-3bd">
         <name>.debug_info</name>
         <load_address>0x11af0</load_address>
         <run_address>0x11af0</run_address>
         <size>0x88</size>
      </object_component>
      <object_component id="oc-147">
         <name>.debug_line</name>
         <load_address>0x0</load_address>
         <run_address>0x0</run_address>
         <size>0x69</size>
         <input_file_ref idref="fl-2"/>
      </object_component>
      <object_component id="oc-269">
         <name>.debug_line</name>
         <load_address>0x69</load_address>
         <run_address>0x69</run_address>
         <size>0x2e</size>
         <input_file_ref idref="fl-2"/>
      </object_component>
      <object_component id="oc-159">
         <name>.debug_line</name>
         <load_address>0x97</load_address>
         <run_address>0x97</run_address>
         <size>0x179</size>
         <input_file_ref idref="fl-2"/>
      </object_component>
      <object_component id="oc-7a">
         <name>.debug_line</name>
         <load_address>0x210</load_address>
         <run_address>0x210</run_address>
         <size>0x6f</size>
         <input_file_ref idref="fl-2"/>
      </object_component>
      <object_component id="oc-3c">
         <name>.debug_line</name>
         <load_address>0x27f</load_address>
         <run_address>0x27f</run_address>
         <size>0x20</size>
         <input_file_ref idref="fl-2"/>
      </object_component>
      <object_component id="oc-c3">
         <name>.debug_line</name>
         <load_address>0x29f</load_address>
         <run_address>0x29f</run_address>
         <size>0x73</size>
         <input_file_ref idref="fl-2"/>
      </object_component>
      <object_component id="oc-7f">
         <name>.debug_line</name>
         <load_address>0x312</load_address>
         <run_address>0x312</run_address>
         <size>0x70</size>
         <input_file_ref idref="fl-2"/>
      </object_component>
      <object_component id="oc-2ca">
         <name>.debug_line</name>
         <load_address>0x382</load_address>
         <run_address>0x382</run_address>
         <size>0x20</size>
         <input_file_ref idref="fl-4"/>
      </object_component>
      <object_component id="oc-216">
         <name>.debug_line</name>
         <load_address>0x3a2</load_address>
         <run_address>0x3a2</run_address>
         <size>0x6a</size>
         <input_file_ref idref="fl-4"/>
      </object_component>
      <object_component id="oc-1a6">
         <name>.debug_line</name>
         <load_address>0x40c</load_address>
         <run_address>0x40c</run_address>
         <size>0x6b</size>
         <input_file_ref idref="fl-4"/>
      </object_component>
      <object_component id="oc-1b8">
         <name>.debug_line</name>
         <load_address>0x477</load_address>
         <run_address>0x477</run_address>
         <size>0x74</size>
         <input_file_ref idref="fl-4"/>
      </object_component>
      <object_component id="oc-239">
         <name>.debug_line</name>
         <load_address>0x4eb</load_address>
         <run_address>0x4eb</run_address>
         <size>0xc3</size>
         <input_file_ref idref="fl-5"/>
      </object_component>
      <object_component id="oc-190">
         <name>.debug_line</name>
         <load_address>0x5ae</load_address>
         <run_address>0x5ae</run_address>
         <size>0x45</size>
         <input_file_ref idref="fl-5"/>
      </object_component>
      <object_component id="oc-e2">
         <name>.debug_line</name>
         <load_address>0x5f3</load_address>
         <run_address>0x5f3</run_address>
         <size>0x19b</size>
         <input_file_ref idref="fl-5"/>
      </object_component>
      <object_component id="oc-1af">
         <name>.debug_line</name>
         <load_address>0x78e</load_address>
         <run_address>0x78e</run_address>
         <size>0x43</size>
         <input_file_ref idref="fl-6"/>
      </object_component>
      <object_component id="oc-a7">
         <name>.debug_line</name>
         <load_address>0x7d1</load_address>
         <run_address>0x7d1</run_address>
         <size>0x1f7</size>
         <input_file_ref idref="fl-6"/>
      </object_component>
      <object_component id="oc-1b3">
         <name>.debug_line</name>
         <load_address>0x9c8</load_address>
         <run_address>0x9c8</run_address>
         <size>0x37</size>
         <input_file_ref idref="fl-6"/>
      </object_component>
      <object_component id="oc-105">
         <name>.debug_line</name>
         <load_address>0x9ff</load_address>
         <run_address>0x9ff</run_address>
         <size>0x31</size>
         <input_file_ref idref="fl-6"/>
      </object_component>
      <object_component id="oc-1bd">
         <name>.debug_line</name>
         <load_address>0xa30</load_address>
         <run_address>0xa30</run_address>
         <size>0x31</size>
         <input_file_ref idref="fl-6"/>
      </object_component>
      <object_component id="oc-212">
         <name>.debug_line</name>
         <load_address>0xa61</load_address>
         <run_address>0xa61</run_address>
         <size>0xff</size>
         <input_file_ref idref="fl-7"/>
      </object_component>
      <object_component id="oc-20c">
         <name>.debug_line</name>
         <load_address>0xb60</load_address>
         <run_address>0xb60</run_address>
         <size>0x37</size>
         <input_file_ref idref="fl-7"/>
      </object_component>
      <object_component id="oc-20e">
         <name>.debug_line</name>
         <load_address>0xb97</load_address>
         <run_address>0xb97</run_address>
         <size>0x37</size>
         <input_file_ref idref="fl-7"/>
      </object_component>
      <object_component id="oc-15e">
         <name>.debug_line</name>
         <load_address>0xbce</load_address>
         <run_address>0xbce</run_address>
         <size>0x4f</size>
         <input_file_ref idref="fl-7"/>
      </object_component>
      <object_component id="oc-dc">
         <name>.debug_line</name>
         <load_address>0xc1d</load_address>
         <run_address>0xc1d</run_address>
         <size>0x440</size>
         <input_file_ref idref="fl-7"/>
      </object_component>
      <object_component id="oc-189">
         <name>.debug_line</name>
         <load_address>0x105d</load_address>
         <run_address>0x105d</run_address>
         <size>0x20</size>
         <input_file_ref idref="fl-7"/>
      </object_component>
      <object_component id="oc-76">
         <name>.debug_line</name>
         <load_address>0x107d</load_address>
         <run_address>0x107d</run_address>
         <size>0x41</size>
         <input_file_ref idref="fl-8"/>
      </object_component>
      <object_component id="oc-31">
         <name>.debug_line</name>
         <load_address>0x10be</load_address>
         <run_address>0x10be</run_address>
         <size>0x41</size>
         <input_file_ref idref="fl-8"/>
      </object_component>
      <object_component id="oc-2e">
         <name>.debug_line</name>
         <load_address>0x10ff</load_address>
         <run_address>0x10ff</run_address>
         <size>0xa1</size>
         <input_file_ref idref="fl-8"/>
      </object_component>
      <object_component id="oc-2c6">
         <name>.debug_line</name>
         <load_address>0x11a0</load_address>
         <run_address>0x11a0</run_address>
         <size>0x2f</size>
         <input_file_ref idref="fl-c3"/>
      </object_component>
      <object_component id="oc-197">
         <name>.debug_line</name>
         <load_address>0x11cf</load_address>
         <run_address>0x11cf</run_address>
         <size>0x55</size>
         <input_file_ref idref="fl-c3"/>
      </object_component>
      <object_component id="oc-21f">
         <name>.debug_line</name>
         <load_address>0x1224</load_address>
         <run_address>0x1224</run_address>
         <size>0x59</size>
         <input_file_ref idref="fl-c3"/>
      </object_component>
      <object_component id="oc-226">
         <name>.debug_line</name>
         <load_address>0x127d</load_address>
         <run_address>0x127d</run_address>
         <size>0x47</size>
         <input_file_ref idref="fl-c3"/>
      </object_component>
      <object_component id="oc-22f">
         <name>.debug_line</name>
         <load_address>0x12c4</load_address>
         <run_address>0x12c4</run_address>
         <size>0x91</size>
         <input_file_ref idref="fl-c3"/>
      </object_component>
      <object_component id="oc-234">
         <name>.debug_line</name>
         <load_address>0x1355</load_address>
         <run_address>0x1355</run_address>
         <size>0x2f</size>
         <input_file_ref idref="fl-c3"/>
      </object_component>
      <object_component id="oc-e9">
         <name>.debug_line</name>
         <load_address>0x1384</load_address>
         <run_address>0x1384</run_address>
         <size>0xd2</size>
         <input_file_ref idref="fl-c4"/>
      </object_component>
      <object_component id="oc-e5">
         <name>.debug_line</name>
         <load_address>0x1456</load_address>
         <run_address>0x1456</run_address>
         <size>0x77</size>
         <input_file_ref idref="fl-c5"/>
      </object_component>
      <object_component id="oc-2f1">
         <name>.debug_line</name>
         <load_address>0x14cd</load_address>
         <run_address>0x14cd</run_address>
         <size>0x77</size>
         <input_file_ref idref="fl-c5"/>
      </object_component>
      <object_component id="oc-fb">
         <name>.debug_line</name>
         <load_address>0x1544</load_address>
         <run_address>0x1544</run_address>
         <size>0xa8</size>
         <input_file_ref idref="fl-c6"/>
      </object_component>
      <object_component id="oc-f6">
         <name>.debug_line</name>
         <load_address>0x15ec</load_address>
         <run_address>0x15ec</run_address>
         <size>0x8e</size>
         <input_file_ref idref="fl-c7"/>
      </object_component>
      <object_component id="oc-100">
         <name>.debug_line</name>
         <load_address>0x167a</load_address>
         <run_address>0x167a</run_address>
         <size>0x5a</size>
         <input_file_ref idref="fl-c8"/>
      </object_component>
      <object_component id="oc-17b">
         <name>.debug_line</name>
         <load_address>0x16d4</load_address>
         <run_address>0x16d4</run_address>
         <size>0x67</size>
         <input_file_ref idref="fl-c9"/>
      </object_component>
      <object_component id="oc-182">
         <name>.debug_line</name>
         <load_address>0x173b</load_address>
         <run_address>0x173b</run_address>
         <size>0x57</size>
         <input_file_ref idref="fl-ca"/>
      </object_component>
      <object_component id="oc-ee">
         <name>.debug_line</name>
         <load_address>0x1792</load_address>
         <run_address>0x1792</run_address>
         <size>0x50</size>
         <input_file_ref idref="fl-cb"/>
      </object_component>
      <object_component id="oc-42">
         <name>.debug_line</name>
         <load_address>0x17e2</load_address>
[...]
         <name>timer_pause</name>
         <value>0x24af</value>
         <object_component_ref idref="oc-154"/>
      </symbol>
      <symbol id="sm-78">
         <name>timer_resume</name>
         <value>0x24c1</value>
         <object_component_ref idref="oc-154"/>
      </symbol>
      <symbol id="sm-79">
         <name>timer_getMillis</name>
         <value>0x24d3</value>
         <object_component_ref idref="oc-154"/>
      </symbol>
      <symbol id="sm-7a">
         <name>_running</name>
         <value>0x20002314</value>
         <object_component_ref idref="oc-1f3"/>
      </symbol>
      <symbol id="sm-7b">
         <name>timer_init</name>
         <value>0x240d</value>
         <object_component_ref idref="oc-154"/>
      </symbol>
      <symbol id="sm-7c">
         <name>timer_stop</name>
         <value>0x2485</value>
         <object_component_ref idref="oc-154"/>
      </symbol>
      <symbol id="sm-7d">
         <name>timer_getMicros</name>
         <value>0x252b</value>
         <object_component_ref idref="oc-154"/>
      </symbol>
      <symbol id="sm-7e">
         <name>timer_waitMillis</name>
         <value>0x25b7</value>
         <object_component_ref idref="oc-154"/>
      </symbol>
      <symbol id="sm-7f">
         <name>timer_waitMicros</name>
         <value>0x2585</value>
         <object_component_ref idref="oc-154"/>
      </symbol>
      <symbol id="sm-d0">
         <name>lcd_sendCommand</name>
         <value>0x1fc7</value>
         <object_component_ref idref="oc-dd"/>
      </symbol>
      <symbol id="sm-d1">
         <name>lcd_sendNibble</name>
         <value>0x2005</value>
         <object_component_ref idref="oc-dd"/>
      </symbol>
      <symbol id="sm-d2">
         <name>lcd_clear</name>
         <value>0x3bb3</value>
         <object_component_ref idref="oc-18b"/>
      </symbol>
      <symbol id="sm-d3">
         <name>lcd_printf</name>
         <value>0x20af</value>
         <object_component_ref idref="oc-dd"/>
      </symbol>
      <symbol id="sm-d4">
         <name>lcd_setCursorPos</name>
         <value>0x2071</value>
         <object_component_ref idref="oc-dd"/>
      </symbol>
      <symbol id="sm-d5">
         <name>lcd_init</name>
         <value>0x1eb1</value>
         <object_component_ref idref="oc-dd"/>
      </symbol>
      <symbol id="sm-d6">
         <name>lcd_puts</name>
         <value>0x1fa9</value>
         <object_component_ref idref="oc-dd"/>
      </symbol>
      <symbol id="sm-d7">
         <name>lcd_putc</name>
         <value>0x1f71</value>
         <object_component_ref idref="oc-dd"/>
      </symbol>
      <symbol id="sm-d8">
         <name>lcd_reverseNibble</name>
         <value>0x1e75</value>
         <object_component_ref idref="oc-dd"/>
      </symbol>
      <symbol id="sm-d9">
         <name>lcd_gotoLine</name>
         <value>0x2049</value>
         <object_component_ref idref="oc-dd"/>
      </symbol>
      <symbol id="sm-12a">
         <name>benchAngle</name>
         <value>0x1a95</value>
         <object_component_ref idref="oc-a2"/>
      </symbol>
      <symbol id="sm-12b">
         <name>task1</name>
         <value>0x1921</value>
         <object_component_ref idref="oc-a2"/>
      </symbol>
      <symbol id="sm-12c">
         <name>task2</name>
         <value>0x1939</value>
         <object_component_ref idref="oc-a2"/>
      </symbol>
      <symbol id="sm-12d">
         <name>task3</name>
         <value>0x19c1</value>
         <object_component_ref idref="oc-a2"/>
      </symbol>
      <symbol id="sm-12e">
         <name>move_forward</name>
         <value>0x1b95</value>
         <object_component_ref idref="oc-a2"/>
      </symbol>
      <symbol id="sm-12f">
         <name>escapeLeft</name>
         <value>0x1abb</value>
         <object_component_ref idref="oc-a2"/>
      </symbol>
      <symbol id="sm-130">
         <name>escapeRight</name>
         <value>0x1b13</value>
         <object_component_ref idref="oc-a2"/>
      </symbol>
      <symbol id="sm-131">
         <name>main</name>
         <value>0x18dd</value>
         <object_component_ref idref="oc-a2"/>
      </symbol>
      <symbol id="sm-132">
         <name>move_backward</name>
         <value>0x1c71</value>
         <object_component_ref idref="oc-a2"/>
      </symbol>
      <symbol id="sm-133">
         <name>turn_right</name>
         <value>0x1d1d</value>
         <object_component_ref idref="oc-a2"/>
      </symbol>
      <symbol id="sm-134">
         <name>turn_left</name>
         <value>0x1db5</value>
         <object_component_ref idref="oc-a2"/>
      </symbol>
      <symbol id="sm-202">
         <name>go_charge</name>
         <value>0x97f</value>
         <object_component_ref idref="oc-d7"/>
      </symbol>
      <symbol id="sm-203">
         <name>GPIOF_Handler</name>
         <value>0xbc3</value>
         <object_component_ref idref="oc-d7"/>
      </symbol>
      <symbol id="sm-204">
         <name>oi_free</name>
         <value>0x279</value>
         <object_component_ref idref="oc-d7"/>
      </symbol>
      <symbol id="sm-205">
         <name>oi_getMotorCalibrationRight</name>
         <value>0xe01</value>
         <object_component_ref idref="oc-d7"/>
      </symbol>
      <symbol id="sm-206">
         <name>oi_uartReceive</name>
         <value>0xa31</value>
         <object_component_ref idref="oc-d7"/>
      </symbol>
      <symbol id="sm-207">
         <name>oi_setWheels</name>
         <value>0x88f</value>
         <object_component_ref idref="oc-d7"/>
      </symbol>
      <symbol id="sm-208">
         <name>oi_shutoff_init</name>
         <value>0xb51</value>
         <object_component_ref idref="oc-d7"/>
      </symbol>
      <symbol id="sm-209">
         <name>motor_cal_factor_L</name>
         <value>0x200022e0</value>
         <object_component_ref idref="oc-173"/>
      </symbol>
      <symbol id="sm-20a">
         <name>motor_cal_factor_R</name>
         <value>0x200022e4</value>
         <object_component_ref idref="oc-173"/>
      </symbol>
      <symbol id="sm-20b">
         <name>oi_parseInt</name>
         <value>0x3b23</value>
         <object_component_ref idref="oc-15a"/>
      </symbol>
      <symbol id="sm-20c">
         <name>oi_setMotorCalibration</name>
         <value>0xdb1</value>
         <object_component_ref idref="oc-d7"/>
      </symbol>
      <symbol id="sm-20d">
         <name>oi_uartSendStr</name>
         <value>0xa59</value>
         <object_component_ref idref="oc-d7"/>
      </symbol>
      <symbol id="sm-20e">
         <name>oi_close</name>
         <value>0x2c7</value>
         <object_component_ref idref="oc-d7"/>
      </symbol>
      <symbol id="sm-20f">
         <name>oi_uartSendBuff</name>
         <value>0xa77</value>
         <object_component_ref idref="oc-d7"/>
      </symbol>
      <symbol id="sm-210">
         <name>oi_checkFirmware</name>
         <value>0xaa9</value>
         <object_component_ref idref="oc-d7"/>
      </symbol>
      <symbol id="sm-211">
         <name>oi_init_noupdate</name>
         <value>0x289</value>
         <object_component_ref idref="oc-d7"/>
      </symbol>
      <symbol id="sm-212">
         <name>oi_uartSendChar</name>
         <value>0xa15</value>
         <object_component_ref idref="oc-d7"/>
      </symbol>
      <symbol id="sm-213">
         <name>oi_alloc</name>
         <value>0x26d</value>
         <object_component_ref idref="oc-d7"/>
      </symbol>
      <symbol id="sm-214">
         <name>oi_getMotorCalibrationLeft</name>
         <value>0xded</value>
         <object_component_ref idref="oc-d7"/>
      </symbol>
      <symbol id="sm-215">
         <name>oi_loadSong</name>
         <value>0x915</value>
         <object_component_ref idref="oc-d7"/>
      </symbol>
      <symbol id="sm-216">
         <name>oi_play_song</name>
         <value>0x96b</value>
         <object_component_ref idref="oc-d7"/>
      </symbol>
      <symbol id="sm-217">
         <name>oi_parsePacket</name>
         <value>0x32b</value>
         <object_component_ref idref="oc-d7"/>
      </symbol>
      <symbol id="sm-218">
         <name>oi_setLeds</name>
         <value>0x84b</value>
         <object_component_ref idref="oc-d7"/>
      </symbol>
      <symbol id="sm-219">
         <name>oi_init</name>
         <value>0x2b1</value>
         <object_component_ref idref="oc-d7"/>
      </symbol>
      <symbol id="sm-21a">
         <name>oi_update</name>
         <value>0x2d9</value>
         <object_component_ref idref="oc-d7"/>
      </symbol>
      <symbol id="sm-21b">
         <name>oi_uartInit</name>
         <value>0x98d</value>
         <object_component_ref idref="oc-d7"/>
      </symbol>
      <symbol id="sm-237">
         <name>ResetISR</name>
         <value>0x3bdd</value>
         <object_component_ref idref="oc-2a"/>
      </symbol>
      <symbol id="sm-238">
         <name>g_pfnVectors</name>
         <value>0x0</value>
         <object_component_ref idref="oc-12"/>
      </symbol>
      <symbol id="sm-267">
         <name>vsnprintf</name>
         <value>0x38bd</value>
         <object_component_ref idref="oc-192"/>
      </symbol>
      <symbol id="sm-27e">
         <name>__aeabi_dsub</name>
         <value>0x2825</value>
         <object_component_ref idref="oc-e8"/>
      </symbol>
      <symbol id="sm-27f">
         <name>__aeabi_dadd</name>
         <value>0x282f</value>
         <object_component_ref idref="oc-e8"/>
      </symbol>
      <symbol id="sm-2a1">
         <name>__aeabi_cdcmpeq</name>
         <value>0x3349</value>
         <object_component_ref idref="oc-e3"/>
      </symbol>
      <symbol id="sm-2a2">
         <name>__aeabi_cdcmple</name>
         <value>0x3349</value>
         <object_component_ref idref="oc-e3"/>
      </symbol>
      <symbol id="sm-2a3">
         <name>__aeabi_cdrcmple</name>
         <value>0x33cf</value>
         <object_component_ref idref="oc-2f0"/>
      </symbol>
      <symbol id="sm-2b7">
         <name>__aeabi_ddiv</name>
         <value>0x2b19</value>
         <object_component_ref idref="oc-f7"/>
      </symbol>
      <symbol id="sm-2c2">
         <name>__aeabi_dmul</name>
         <value>0x2f85</value>
         <object_component_ref idref="oc-f2"/>
      </symbol>
      <symbol id="sm-2cc">
         <name>__aeabi_d2iz</name>
         <value>0x3831</value>
         <object_component_ref idref="oc-fc"/>
      </symbol>
      <symbol id="sm-2d8">
         <name>__aeabi_d2f</name>
         <value>0x35af</value>
         <object_component_ref idref="oc-179"/>
      </symbol>
      <symbol id="sm-2e3">
         <name>__aeabi_f2d</name>
         <value>0x3975</value>
         <object_component_ref idref="oc-17e"/>
      </symbol>
      <symbol id="sm-2ed">
         <name>__aeabi_i2d</name>
         <value>0x3a45</value>
         <object_component_ref idref="oc-ed"/>
      </symbol>
      <symbol id="sm-308">
         <name>memcpy</name>
         <value>0x3217</value>
         <object_component_ref idref="oc-3e"/>
      </symbol>
      <symbol id="sm-309">
         <name>__aeabi_memcpy</name>
         <value>0x3217</value>
         <object_component_ref idref="oc-3e"/>
      </symbol>
      <symbol id="sm-30a">
         <name>__aeabi_memcpy8</name>
         <value>0x3217</value>
         <object_component_ref idref="oc-3e"/>
      </symbol>
      <symbol id="sm-30b">
         <name>__aeabi_memcpy4</name>
         <value>0x3217</value>
         <object_component_ref idref="oc-3e"/>
      </symbol>
      <symbol id="sm-324">
         <name>__TI_zero_init_nomemset</name>
         <value>0x3a9d</value>
         <object_component_ref idref="oc-4a"/>
      </symbol>
      <symbol id="sm-33b">
         <name>__TI_decompress_none</name>
         <value>0x3bc3</value>
         <object_component_ref idref="oc-1b"/>
      </symbol>
      <symbol id="sm-35e">
         <name>__TI_decompress_lzss</name>
         <value>0x361d</value>
         <object_component_ref idref="oc-15"/>
      </symbol>
      <symbol id="sm-3f3">
         <name>_sys_memory</name>
         <value>0x20001270</value>
         <object_component_ref idref="oc-24"/>
      </symbol>
      <symbol id="sm-3f4">
         <name>free</name>
         <value>0x3081</value>
         <object_component_ref idref="oc-14e"/>
      </symbol>
      <symbol id="sm-3f5">
         <name>memalign</name>
         <value>0x2e85</value>
         <object_component_ref idref="oc-25c"/>
      </symbol>
      <symbol id="sm-3f6">
         <name>calloc</name>
         <value>0x393d</value>
         <object_component_ref idref="oc-148"/>
      </symbol>
      <symbol id="sm-3f7">
         <name>malloc</name>
         <value>0x3bf1</value>
         <object_component_ref idref="oc-1df"/>
      </symbol>
      <symbol id="sm-3f8">
         <name>aligned_alloc</name>
         <value>0x2e85</value>
         <object_component_ref idref="oc-25c"/>
      </symbol>
      <symbol id="sm-407">
         <name>strcmp</name>
         <value>0x3b3b</value>
         <object_component_ref idref="oc-161"/>
      </symbol>
      <symbol id="sm-415">
         <name>strcpy</name>
         <value>0x3b69</value>
         <object_component_ref idref="oc-198"/>
      </symbol>
      <symbol id="sm-428">
         <name>__stack</name>
         <value>0x20000270</value>
         <object_component_ref idref="oc-27"/>
      </symbol>
      <symbol id="sm-429">
         <name>_c_int00_noargs</name>
         <value>0x39e1</value>
         <object_component_ref idref="oc-5c"/>
      </symbol>
      <symbol id="sm-58e">
         <name>__TI_printfi</name>
         <value>0xe8d</value>
         <object_component_ref idref="oc-218"/>
      </symbol>
      <symbol id="sm-59d">
         <name>__aeabi_memset</name>
         <value>0x3457</value>
         <object_component_ref idref="oc-96"/>
      </symbol>
      <symbol id="sm-59e">
         <name>memset</name>
         <value>0x345d</value>
         <object_component_ref idref="oc-96"/>
      </symbol>
      <symbol id="sm-59f">
         <name>__aeabi_memset8</name>
         <value>0x3457</value>
         <object_component_ref idref="oc-96"/>
      </symbol>
      <symbol id="sm-5a0">
         <name>__aeabi_memset4</name>
         <value>0x3457</value>
         <object_component_ref idref="oc-96"/>
      </symbol>
      <symbol id="sm-5a1">
         <name>__aeabi_memclr8</name>
         <value>0x3455</value>
         <object_component_ref idref="oc-96"/>
      </symbol>
      <symbol id="sm-5a2">
         <name>__aeabi_memclr4</name>
         <value>0x3455</value>
         <object_component_ref idref="oc-96"/>
      </symbol>
      <symbol id="sm-5a3">
         <name>__aeabi_memclr</name>
         <value>0x3455</value>
         <object_component_ref idref="oc-96"/>
      </symbol>
      <symbol id="sm-5b0">
         <name>__aeabi_uldivmod</name>
         <value>0x32b3</value>
         <object_component_ref idref="oc-2ea"/>
      </symbol>
      <symbol id="sm-5d8">
         <name>__TI_auto_init_nobinit_nopinit</name>
         <value>0x3879</value>
         <object_component_ref idref="oc-114"/>
      </symbol>
      <symbol id="sm-5e2">
         <name>_system_pre_init</name>
         <value>0x3bf9</value>
         <object_component_ref idref="oc-9c"/>
      </symbol>
      <symbol id="sm-5ee">
         <name>C$$EXIT</name>
         <value>0x3bfd</value>
         <object_component_ref idref="oc-108"/>
      </symbol>
      <symbol id="sm-5ef">
         <name>abort</name>
         <value>0x3bfd</value>
         <object_component_ref idref="oc-108"/>
      </symbol>
      <symbol id="sm-604">
         <name>_nop</name>
         <value>0x18db</value>
         <object_component_ref idref="oc-23d"/>
      </symbol>
      <symbol id="sm-605">
         <name>_lock</name>
         <value>0x20002300</value>
         <object_component_ref idref="oc-1c3"/>
      </symbol>
      <symbol id="sm-606">
         <name>_unlock</name>
         <value>0x20002304</value>
         <object_component_ref idref="oc-1c3"/>
      </symbol>
      <symbol id="sm-615">
         <name>__TI_ltoa</name>
         <value>0x373f</value>
         <object_component_ref idref="oc-2f5"/>
      </symbol>
      <symbol id="sm-62c">
         <name>atoi</name>
         <value>0x37e5</value>
         <object_component_ref idref="oc-281"/>
      </symbol>
      <symbol id="sm-637">
         <name>_ctypes_</name>
         <value>0x3c00</value>
         <object_component_ref idref="oc-2e5"/>
      </symbol>
      <symbol id="sm-647">
         <name>memccpy</name>
         <value>0x3ad5</value>
         <object_component_ref idref="oc-2a5"/>
      </symbol>
      <symbol id="sm-657">
         <name>strchr</name>
         <value>0x3b53</value>
         <object_component_ref idref="oc-322"/>
      </symbol>
      <symbol id="sm-665">
         <name>strlen</name>
         <value>0x3b7d</value>
         <object_component_ref idref="oc-27b"/>
      </symbol>
      <symbol id="sm-67b">
         <name>__aeabi_errno_addr</name>
         <value>0x3be9</value>
         <object_component_ref idref="oc-2b1"/>
      </symbol>
      <symbol id="sm-67c">
         <name>errno</name>
         <value>0x20002310</value>
         <object_component_ref idref="oc-332"/>
      </symbol>
      <symbol id="sm-695">
         <name>wcslen</name>
         <value>0x3b91</value>
         <object_component_ref idref="oc-2ab"/>
      </symbol>
      <symbol id="sm-6b5">
         <name>frexpl</name>
         <value>0x3685</value>
         <object_component_ref idref="oc-316"/>
      </symbol>
      <symbol id="sm-6b6">
         <name>frexp</name>
         <value>0x3685</value>
         <object_component_ref idref="oc-316"/>
      </symbol>
      <symbol id="sm-6d3">
         <name>scalbn</name>
         <value>0x2d75</value>
         <object_component_ref idref="oc-31c"/>
      </symbol>
      <symbol id="sm-6d4">
         <name>scalbnl</name>
         <value>0x2d75</value>
         <object_component_ref idref="oc-31c"/>
      </symbol>
      <symbol id="sm-6d5">
         <name>ldexpl</name>
         <value>0x2d75</value>
         <object_component_ref idref="oc-31c"/>
      </symbol>
      <symbol id="sm-6d6">
         <name>ldexp</name>
         <value>0x2d75</value>
         <object_component_ref idref="oc-31c"/>
      </symbol>
      <symbol id="sm-6e0">
         <name>__aeabi_idiv0</name>
         <value>0x29db</value>
         <object_component_ref idref="oc-34b"/>
      </symbol>
      <symbol id="sm-6e1">
         <name>__aeabi_ldiv0</name>
         <value>0x29db</value>
         <object_component_ref idref="oc-34b"/>
      </symbol>
      <symbol id="sm-6eb">
         <name>copysign</name>
         <value>0x3af1</value>
         <object_component_ref idref="oc-35f"/>
      </symbol>
      <symbol id="sm-6ec">
         <name>copysignl</name>
         <value>0x3af1</value>
         <object_component_ref idref="oc-35f"/>
      </symbol>
      <symbol id="sm-71b">
         <name>IntRegister</name>
         <value>0x39ad</value>
         <object_component_ref idref="oc-167"/>
      </symbol>
      <symbol id="sm-71c">
         <name>g_pfnRAMVectors</name>
         <value>0x20000000</value>
         <object_component_ref idref="oc-1fa"/>
      </symbol>
      <symbol id="sm-71d">
         <name>IntMasterEnable</name>
         <value>0x3ba3</value>
         <object_component_ref idref="oc-16d"/>
      </symbol>
      <symbol id="sm-727">
         <name>CPUcpsie</name>
         <value>0x3bd1</value>
         <object_component_ref idref="oc-204"/>
      </symbol>
      <symbol id="sm-728">
         <name>__TI_static_base__</name>
         <value>0x0</value>
      </symbol>
      <symbol id="sm-72b">
         <name>__mpu_init</name>
         <value>0x0</value>
      </symbol>
      <symbol id="sm-72c">
         <name>_system_post_cinit</name>
         <value>0x0</value>
      </symbol>
   </symbol_table>
   <title>Link successful</title>
</link_info>
